Archive member included because of file (symbol)

C:/Freescale/CW MCU v10.6.4/MCU/ARM_GCC_Support/ewl/lib/armv6-m\libc.a(exit.o)
                              ./Project_Settings/Startup_Code/__arm_start.o (exit)
C:/Freescale/CW MCU v10.6.4/MCU/ARM_GCC_Support/ewl/lib/armv6-m\libc.a(memset.o)
                              ./Project_Settings/Startup_Code/__arm_start.o (memset)
C:/Freescale/CW MCU v10.6.4/MCU/ARM_GCC_Support/ewl/lib/armv6-m\libc.a(__filll_mem.o)
                              C:/Freescale/CW MCU v10.6.4/MCU/ARM_GCC_Support/ewl/lib/armv6-m\libc.a(memset.o) (__fill_mem)
c:/freescale/cw mcu v10.6.4/cross_tools/arm-none-eabi-gcc-4_7_3/bin/../lib/gcc/arm-none-eabi/4.7.3/armv6-m\libgcc.a(_udivsi3.o)
                              ./Sources/Drivers/uart/uart.o (__aeabi_uidiv)
c:/freescale/cw mcu v10.6.4/cross_tools/arm-none-eabi-gcc-4_7_3/bin/../lib/gcc/arm-none-eabi/4.7.3/armv6-m\libgcc.a(_divsi3.o)
                              ./Sources/Drivers/mcg/mcg.o (__aeabi_idiv)
c:/freescale/cw mcu v10.6.4/cross_tools/arm-none-eabi-gcc-4_7_3/bin/../lib/gcc/arm-none-eabi/4.7.3/armv6-m\libgcc.a(_dvmd_tls.o)
                              c:/freescale/cw mcu v10.6.4/cross_tools/arm-none-eabi-gcc-4_7_3/bin/../lib/gcc/arm-none-eabi/4.7.3/armv6-m\libgcc.a(_udivsi3.o) (__aeabi_idiv0)
C:/Freescale/CW MCU v10.6.4/MCU/ARM_GCC_Support/ewl/lib/armv6-m\librt.a(gcc_ctor_dtor.o)
                              ./Project_Settings/Startup_Code/__arm_start.o (__init_cpp)
C:/Freescale/CW MCU v10.6.4/MCU/ARM_GCC_Support/ewl/lib/armv6-m\librt.a(__arm_eabi_init.o)
                              C:/Freescale/CW MCU v10.6.4/MCU/ARM_GCC_Support/ewl/lib/armv6-m\libc.a(exit.o) (__destroy_global_chain)
C:/Freescale/CW MCU v10.6.4/MCU/ARM_GCC_Support/ewl/lib/armv6-m\librt.a(ROMCopy.o)
                              ./Project_Settings/Startup_Code/__arm_start.o (__copy_rom_sections_to_ram)

Allocating common symbols
Common symbol       size              file

mcg_clk_hz          0x4               ./Sources/cpu/sysinit.o
core_clk_khz        0x4               ./Sources/cpu/sysinit.o
data_rx             0x8               ./Sources/Application/application.o
data_tx             0x8               ./Sources/Application/application.o
periph_clk_khz      0x4               ./Sources/cpu/sysinit.o
entrada             0x8               ./Sources/Application/application.o
uart0_clk_khz       0x4               ./Sources/cpu/sysinit.o
uart0_clk_hz        0x4               ./Sources/cpu/sysinit.o
mcg_clk_khz         0x4               ./Sources/cpu/sysinit.o
drs_val             0x1               ./Sources/Drivers/mcg/mcg.o
dmx32_val           0x1               ./Sources/Drivers/mcg/mcg.o
pll_clk_khz         0x4               ./Sources/cpu/sysinit.o

Discarded input sections

 .text          0x00000000        0x0 ./Project_Settings/Startup_Code/kinetis_sysinit.o
 .data          0x00000000        0x0 ./Project_Settings/Startup_Code/kinetis_sysinit.o
 .bss           0x00000000        0x0 ./Project_Settings/Startup_Code/kinetis_sysinit.o
 .text          0x00000000        0x0 ./Project_Settings/Startup_Code/__arm_start.o
 .data          0x00000000        0x0 ./Project_Settings/Startup_Code/__arm_start.o
 .bss           0x00000000        0x0 ./Project_Settings/Startup_Code/__arm_start.o
 .text.__iar_program_start
                0x00000000        0x4 ./Project_Settings/Startup_Code/__arm_start.o
 .text          0x00000000        0x0 ./Project_Settings/Startup_Code/__arm_end.o
 .data          0x00000000        0x0 ./Project_Settings/Startup_Code/__arm_end.o
 .bss           0x00000000        0x0 ./Project_Settings/Startup_Code/__arm_end.o
 .text          0x00000000        0x0 ./Sources/Application/application.o
 .data          0x00000000        0x0 ./Sources/Application/application.o
 .bss           0x00000000        0x0 ./Sources/Application/application.o
 .text          0x00000000        0x0 ./Sources/Common/libs.o
 .data          0x00000000        0x0 ./Sources/Common/libs.o
 .bss           0x00000000        0x0 ./Sources/Common/libs.o
 .text          0x00000000        0x0 ./Sources/Common/io.o
 .data          0x00000000        0x0 ./Sources/Common/io.o
 .bss           0x00000000        0x0 ./Sources/Common/io.o
 .text.in_char  0x00000000       0x18 ./Sources/Common/io.o
 .text          0x00000000        0x0 ./Sources/Drivers/flags/flags.o
 .data          0x00000000        0x0 ./Sources/Drivers/flags/flags.o
 .bss           0x00000000        0x0 ./Sources/Drivers/flags/flags.o
 .text          0x00000000        0x0 ./Sources/Drivers/gpio/gpio.o
 .data          0x00000000        0x0 ./Sources/Drivers/gpio/gpio.o
 .bss           0x00000000        0x0 ./Sources/Drivers/gpio/gpio.o
 .text.gpio_toggle
                0x00000000       0x9c ./Sources/Drivers/gpio/gpio.o
 .rodata.gpio_toggle
                0x00000000       0x14 ./Sources/Drivers/gpio/gpio.o
 .text          0x00000000        0x0 ./Sources/Drivers/mcg/mcg.o
 .data          0x00000000        0x0 ./Sources/Drivers/mcg/mcg.o
 .bss           0x00000000        0x0 ./Sources/Drivers/mcg/mcg.o
 COMMON         0x00000000        0x2 ./Sources/Drivers/mcg/mcg.o
 .text          0x00000000        0x0 ./Sources/Drivers/pit/pit.o
 .data          0x00000000        0x0 ./Sources/Drivers/pit/pit.o
 .bss           0x00000000        0x0 ./Sources/Drivers/pit/pit.o
 .bss.i.4710    0x00000000        0x1 ./Sources/Drivers/pit/pit.o
 .bss.contador.4708
                0x00000000        0x4 ./Sources/Drivers/pit/pit.o
 .text          0x00000000        0x0 ./Sources/Drivers/timer/timer.o
 .data          0x00000000        0x0 ./Sources/Drivers/timer/timer.o
 .bss           0x00000000        0x0 ./Sources/Drivers/timer/timer.o
 .text          0x00000000        0x0 ./Sources/Drivers/uart/uart.o
 .data          0x00000000        0x0 ./Sources/Drivers/uart/uart.o
 .bss           0x00000000        0x0 ./Sources/Drivers/uart/uart.o
 .text.uart_init
                0x00000000       0xd0 ./Sources/Drivers/uart/uart.o
 .text.uart_getchar
                0x00000000       0x28 ./Sources/Drivers/uart/uart.o
 .text.uart_putchar
                0x00000000       0x2c ./Sources/Drivers/uart/uart.o
 .text.uart_getchar_present
                0x00000000       0x1c ./Sources/Drivers/uart/uart.o
 .text.uart0_getchar
                0x00000000       0x28 ./Sources/Drivers/uart/uart.o
 .text.uart0_getchar_present
                0x00000000       0x1c ./Sources/Drivers/uart/uart.o
 .text          0x00000000        0x0 ./Sources/cpu/sysinit.o
 .data          0x00000000        0x0 ./Sources/cpu/sysinit.o
 .bss           0x00000000        0x0 ./Sources/cpu/sysinit.o
 .text          0x00000000        0x0 ./Sources/cpu/nvic.o
 .data          0x00000000        0x0 ./Sources/cpu/nvic.o
 .bss           0x00000000        0x0 ./Sources/cpu/nvic.o
 .text.disable_irq
                0x00000000       0x44 ./Sources/cpu/nvic.o
 .text          0x00000000        0x0 ./Sources/sa_mtb.o
 .data          0x00000000        0x0 ./Sources/sa_mtb.o
 .bss           0x00000000        0x0 ./Sources/sa_mtb.o
 .debug_info    0x00000000       0x21 ./Sources/sa_mtb.o
 .debug_abbrev  0x00000000       0x12 ./Sources/sa_mtb.o
 .debug_aranges
                0x00000000       0x18 ./Sources/sa_mtb.o
 .debug_macinfo
                0x00000000     0x24d8 ./Sources/sa_mtb.o
 .debug_line    0x00000000       0xac ./Sources/sa_mtb.o
 .debug_str     0x00000000       0x95 ./Sources/sa_mtb.o
 .comment       0x00000000       0x7a ./Sources/sa_mtb.o
 .ARM.attributes
                0x00000000       0x31 ./Sources/sa_mtb.o
 .text          0x00000000        0x0 ./Sources/main.o
 .data          0x00000000        0x0 ./Sources/main.o
 .bss           0x00000000        0x0 ./Sources/main.o
 .text          0x00000000        0x0 C:/Freescale/CW MCU v10.6.4/MCU/ARM_GCC_Support/ewl/lib/armv6-m\libc.a(exit.o)
 .data          0x00000000        0x0 C:/Freescale/CW MCU v10.6.4/MCU/ARM_GCC_Support/ewl/lib/armv6-m\libc.a(exit.o)
 .bss           0x00000000        0x0 C:/Freescale/CW MCU v10.6.4/MCU/ARM_GCC_Support/ewl/lib/armv6-m\libc.a(exit.o)
 .text          0x00000000        0x0 C:/Freescale/CW MCU v10.6.4/MCU/ARM_GCC_Support/ewl/lib/armv6-m\libc.a(memset.o)
 .data          0x00000000        0x0 C:/Freescale/CW MCU v10.6.4/MCU/ARM_GCC_Support/ewl/lib/armv6-m\libc.a(memset.o)
 .bss           0x00000000        0x0 C:/Freescale/CW MCU v10.6.4/MCU/ARM_GCC_Support/ewl/lib/armv6-m\libc.a(memset.o)
 .text          0x00000000        0x0 C:/Freescale/CW MCU v10.6.4/MCU/ARM_GCC_Support/ewl/lib/armv6-m\libc.a(__filll_mem.o)
 .data          0x00000000        0x0 C:/Freescale/CW MCU v10.6.4/MCU/ARM_GCC_Support/ewl/lib/armv6-m\libc.a(__filll_mem.o)
 .bss           0x00000000        0x0 C:/Freescale/CW MCU v10.6.4/MCU/ARM_GCC_Support/ewl/lib/armv6-m\libc.a(__filll_mem.o)
 .data          0x00000000        0x0 c:/freescale/cw mcu v10.6.4/cross_tools/arm-none-eabi-gcc-4_7_3/bin/../lib/gcc/arm-none-eabi/4.7.3/armv6-m\libgcc.a(_udivsi3.o)
 .bss           0x00000000        0x0 c:/freescale/cw mcu v10.6.4/cross_tools/arm-none-eabi-gcc-4_7_3/bin/../lib/gcc/arm-none-eabi/4.7.3/armv6-m\libgcc.a(_udivsi3.o)
 .data          0x00000000        0x0 c:/freescale/cw mcu v10.6.4/cross_tools/arm-none-eabi-gcc-4_7_3/bin/../lib/gcc/arm-none-eabi/4.7.3/armv6-m\libgcc.a(_divsi3.o)
 .bss           0x00000000        0x0 c:/freescale/cw mcu v10.6.4/cross_tools/arm-none-eabi-gcc-4_7_3/bin/../lib/gcc/arm-none-eabi/4.7.3/armv6-m\libgcc.a(_divsi3.o)
 .data          0x00000000        0x0 c:/freescale/cw mcu v10.6.4/cross_tools/arm-none-eabi-gcc-4_7_3/bin/../lib/gcc/arm-none-eabi/4.7.3/armv6-m\libgcc.a(_dvmd_tls.o)
 .bss           0x00000000        0x0 c:/freescale/cw mcu v10.6.4/cross_tools/arm-none-eabi-gcc-4_7_3/bin/../lib/gcc/arm-none-eabi/4.7.3/armv6-m\libgcc.a(_dvmd_tls.o)
 .text          0x00000000        0x0 C:/Freescale/CW MCU v10.6.4/MCU/ARM_GCC_Support/ewl/lib/armv6-m\librt.a(gcc_ctor_dtor.o)
 .data          0x00000000        0x0 C:/Freescale/CW MCU v10.6.4/MCU/ARM_GCC_Support/ewl/lib/armv6-m\librt.a(gcc_ctor_dtor.o)
 .bss           0x00000000        0x0 C:/Freescale/CW MCU v10.6.4/MCU/ARM_GCC_Support/ewl/lib/armv6-m\librt.a(gcc_ctor_dtor.o)
 .bss.__dso_handle
                0x00000000        0x4 C:/Freescale/CW MCU v10.6.4/MCU/ARM_GCC_Support/ewl/lib/armv6-m\librt.a(gcc_ctor_dtor.o)
 .text          0x00000000        0x0 C:/Freescale/CW MCU v10.6.4/MCU/ARM_GCC_Support/ewl/lib/armv6-m\librt.a(__arm_eabi_init.o)
 .data          0x00000000        0x0 C:/Freescale/CW MCU v10.6.4/MCU/ARM_GCC_Support/ewl/lib/armv6-m\librt.a(__arm_eabi_init.o)
 .bss           0x00000000        0x0 C:/Freescale/CW MCU v10.6.4/MCU/ARM_GCC_Support/ewl/lib/armv6-m\librt.a(__arm_eabi_init.o)
 .text.__register_global_object
                0x00000000       0x14 C:/Freescale/CW MCU v10.6.4/MCU/ARM_GCC_Support/ewl/lib/armv6-m\librt.a(__arm_eabi_init.o)
 .text.__cxa_atexit
                0x00000000       0x38 C:/Freescale/CW MCU v10.6.4/MCU/ARM_GCC_Support/ewl/lib/armv6-m\librt.a(__arm_eabi_init.o)
 .text.__aeabi_atexit
                0x00000000        0xe C:/Freescale/CW MCU v10.6.4/MCU/ARM_GCC_Support/ewl/lib/armv6-m\librt.a(__arm_eabi_init.o)
 .text.__register_atexit
                0x00000000        0xc C:/Freescale/CW MCU v10.6.4/MCU/ARM_GCC_Support/ewl/lib/armv6-m\librt.a(__arm_eabi_init.o)
 .text.__init_hardware
                0x00000000        0x4 C:/Freescale/CW MCU v10.6.4/MCU/ARM_GCC_Support/ewl/lib/armv6-m\librt.a(__arm_eabi_init.o)
 .bss.atexit_curr_func
                0x00000000        0x4 C:/Freescale/CW MCU v10.6.4/MCU/ARM_GCC_Support/ewl/lib/armv6-m\librt.a(__arm_eabi_init.o)
 .bss.atexit_funcs
                0x00000000      0x300 C:/Freescale/CW MCU v10.6.4/MCU/ARM_GCC_Support/ewl/lib/armv6-m\librt.a(__arm_eabi_init.o)
 .text          0x00000000        0x0 C:/Freescale/CW MCU v10.6.4/MCU/ARM_GCC_Support/ewl/lib/armv6-m\librt.a(ROMCopy.o)
 .data          0x00000000        0x0 C:/Freescale/CW MCU v10.6.4/MCU/ARM_GCC_Support/ewl/lib/armv6-m\librt.a(ROMCopy.o)
 .bss           0x00000000        0x0 C:/Freescale/CW MCU v10.6.4/MCU/ARM_GCC_Support/ewl/lib/armv6-m\librt.a(ROMCopy.o)
 .text.__flush_cache
                0x00000000        0x2 C:/Freescale/CW MCU v10.6.4/MCU/ARM_GCC_Support/ewl/lib/armv6-m\librt.a(ROMCopy.o)

Memory Configuration

Name             Origin             Length             Attributes
m_interrupts     0x00000000         0x000000c0         xr
m_cfmprotrom     0x00000400         0x00000010         xr
m_text           0x00000800         0x0001f800         xr
m_data           0x1ffff000         0x00004000         xrw
*default*        0x00000000         0xffffffff

Linker script and memory map

LOAD ./Project_Settings/Startup_Code/kinetis_sysinit.o
LOAD ./Project_Settings/Startup_Code/__arm_start.o
LOAD ./Project_Settings/Startup_Code/__arm_end.o
LOAD ./Sources/Application/application.o
LOAD ./Sources/Common/libs.o
LOAD ./Sources/Common/io.o
LOAD ./Sources/Drivers/flags/flags.o
LOAD ./Sources/Drivers/gpio/gpio.o
LOAD ./Sources/Drivers/mcg/mcg.o
LOAD ./Sources/Drivers/pit/pit.o
LOAD ./Sources/Drivers/timer/timer.o
LOAD ./Sources/Drivers/uart/uart.o
LOAD ./Sources/cpu/sysinit.o
LOAD ./Sources/cpu/nvic.o
LOAD ./Sources/sa_mtb.o
LOAD ./Sources/main.o
START GROUP
LOAD C:/Freescale/CW MCU v10.6.4/MCU/ARM_GCC_Support/ewl/lib/armv6-m\libc.a
LOAD C:/Freescale/CW MCU v10.6.4/MCU/ARM_GCC_Support/ewl/lib/armv6-m\libm.a
LOAD c:/freescale/cw mcu v10.6.4/cross_tools/arm-none-eabi-gcc-4_7_3/bin/../lib/gcc/arm-none-eabi/4.7.3/armv6-m\libgcc.a
LOAD C:/Freescale/CW MCU v10.6.4/MCU/ARM_GCC_Support/ewl/lib/armv6-m\librt.a
END GROUP
                0x20003000                _estack = 0x20003000
                0x20003000                __SP_INIT = _estack
                0x00000400                __heap_size = 0x400
                0x00000400                __stack_size = 0x400

.interrupts     0x00000000       0xc0
                0x00000000                __vector_table = .
                0x00000000                . = ALIGN (0x4)
 *(.vectortable)
 .vectortable   0x00000000       0xc0 ./Project_Settings/Startup_Code/kinetis_sysinit.o
                0x00000000                InterruptVector
                0x000000c0                . = ALIGN (0x4)

.cfmprotect     0x00000400        0x0
                0x00000400                . = ALIGN (0x4)
 *(.cfmconfig)
                0x00000400                . = ALIGN (0x4)

.text           0x00000800     0x2994
                0x00000800                . = ALIGN (0x4)
 *(.text)
 .text          0x00000800       0x9c c:/freescale/cw mcu v10.6.4/cross_tools/arm-none-eabi-gcc-4_7_3/bin/../lib/gcc/arm-none-eabi/4.7.3/armv6-m\libgcc.a(_udivsi3.o)
                0x00000800                __aeabi_uidiv
                0x00000800                __udivsi3
                0x00000888                __aeabi_uidivmod
 .text          0x0000089c       0xc0 c:/freescale/cw mcu v10.6.4/cross_tools/arm-none-eabi-gcc-4_7_3/bin/../lib/gcc/arm-none-eabi/4.7.3/armv6-m\libgcc.a(_divsi3.o)
                0x0000089c                __divsi3
                0x0000089c                __aeabi_idiv
                0x00000948                __aeabi_idivmod
 .text          0x0000095c        0x4 c:/freescale/cw mcu v10.6.4/cross_tools/arm-none-eabi-gcc-4_7_3/bin/../lib/gcc/arm-none-eabi/4.7.3/armv6-m\libgcc.a(_dvmd_tls.o)
                0x0000095c                __aeabi_idiv0
                0x0000095c                __aeabi_ldiv0
 *(.text*)
 .text.Default_Handler
                0x00000960        0xc ./Project_Settings/Startup_Code/kinetis_sysinit.o
                0x00000960                RTC_Alarm_IRQHandler
                0x00000960                I2C0_IRQHandler
                0x00000960                HardFault_Handler
                0x00000960                SysTick_Handler
                0x00000960                PendSV_Handler
                0x00000960                NMI_Handler
                0x00000960                I2C1_IRQHandler
                0x00000960                UART1_IRQHandler
                0x00000960                DMA2_IRQHandler
                0x00000960                TSI0_IRQHandler
                0x00000960                ADC0_IRQHandler
                0x00000960                SPI1_IRQHandler
                0x00000960                PORTD_IRQHandler
                0x00000960                LPTimer_IRQHandler
                0x00000960                FTM1_IRQHandler
                0x00000960                RTC_Seconds_IRQHandler
                0x00000960                MCG_IRQHandler
                0x00000960                UART2_IRQHandler
                0x00000960                Default_Handler
                0x00000960                LLW_IRQHandler
                0x00000960                SVC_Handler
                0x00000960                USBOTG_IRQHandler
                0x00000960                DMA3_IRQHandler
                0x00000960                DMA0_IRQHandler
                0x00000960                DAC0_IRQHandler
                0x00000960                PMC_IRQHandler
                0x00000960                SPI0_IRQHandler
                0x00000960                FTM0_IRQHandler
                0x00000960                PORTA_IRQHandler
                0x00000960                MCM_IRQHandler
                0x00000960                FTFL_IRQHandler
                0x00000960                FTM2_IRQHandler
                0x00000960                CMP0_IRQHandler
                0x00000960                DMA1_IRQHandler
 .text.__init_hardware
                0x0000096c       0x30 ./Project_Settings/Startup_Code/kinetis_sysinit.o
                0x0000096c                __init_hardware
 .text.zero_fill_bss
                0x0000099c       0x24 ./Project_Settings/Startup_Code/__arm_start.o
 .text.__thumb_startup
                0x000009c0       0x30 ./Project_Settings/Startup_Code/__arm_start.o
                0x000009c0                __thumb_startup
 .text._ExitProcess
                0x000009f0        0xc ./Project_Settings/Startup_Code/__arm_end.o
                0x000009f0                _ExitProcess
 .text.Inicializa_Entrada
                0x000009fc       0x44 ./Sources/Application/application.o
                0x000009fc                Inicializa_Entrada
 .text.Le_Entradas
                0x00000a40      0x374 ./Sources/Application/application.o
                0x00000a40                Le_Entradas
 .text.Inicializa_Reles
                0x00000db4       0x50 ./Sources/Application/application.o
                0x00000db4                Inicializa_Reles
 .text.Bomba_Mel
                0x00000e04       0x30 ./Sources/Application/application.o
                0x00000e04                Bomba_Mel
 .text.Bomba_Energetico
                0x00000e34       0x30 ./Sources/Application/application.o
                0x00000e34                Bomba_Energetico
 .text.Bomba_Vodka
                0x00000e64       0x30 ./Sources/Application/application.o
                0x00000e64                Bomba_Vodka
 .text.Bomba_Corante
                0x00000e94       0x30 ./Sources/Application/application.o
                0x00000e94                Bomba_Corante
 .text.Controle_Esteira
                0x00000ec4       0x68 ./Sources/Application/application.o
                0x00000ec4                Controle_Esteira
 .text.Interpreter
                0x00000f2c      0x19c ./Sources/Application/application.o
                0x00000f2c                Interpreter
 .text.Machine_Status
                0x000010c8       0x14 ./Sources/Application/application.o
                0x000010c8                Machine_Status
 .text.Change_Machine_Status
                0x000010dc       0x48 ./Sources/Application/application.o
                0x000010dc                Change_Machine_Status
 .text.Controle_Aplicacao
                0x00001124      0x438 ./Sources/Application/application.o
                0x00001124                Controle_Aplicacao
 .text.put      0x0000155c       0x28 ./Sources/Common/libs.o
                0x0000155c                put
 .text.out_char
                0x00001584       0x24 ./Sources/Common/io.o
                0x00001584                out_char
 .text.Flags_Action
                0x000015a8      0x1e8 ./Sources/Drivers/flags/flags.o
                0x000015a8                Flags_Action
 .text.Flag_Check
                0x00001790      0x14c ./Sources/Drivers/flags/flags.o
                0x00001790                Flag_Check
 .text.rgb_init
                0x000018dc       0x94 ./Sources/Drivers/gpio/gpio.o
                0x000018dc                rgb_init
 .text.gpio_direction
                0x00001970      0x30c ./Sources/Drivers/gpio/gpio.o
                0x00001970                gpio_direction
 .text.gpio_set
                0x00001c7c      0x1a4 ./Sources/Drivers/gpio/gpio.o
                0x00001c7c                gpio_set
 .text.gpio_read
                0x00001e20       0xc8 ./Sources/Drivers/gpio/gpio.o
                0x00001e20                gpio_read
 .text.pll_init
                0x00001ee8      0x548 ./Sources/Drivers/mcg/mcg.o
                0x00001ee8                pll_init
 .text.PIT_Init
                0x00002430       0x6c ./Sources/Drivers/pit/pit.o
                0x00002430                PIT_Init
 .text.PIT_IRQHandler
                0x0000249c       0x5c ./Sources/Drivers/pit/pit.o
                0x0000249c                PIT_IRQHandler
 .text.Check_Tick
                0x000024f8       0x34 ./Sources/Drivers/timer/timer.o
                0x000024f8                Check_Tick
 .text.Calcula_Tick
                0x0000252c       0x28 ./Sources/Drivers/timer/timer.o
                0x0000252c                Calcula_Tick
 .text.uart0_init
                0x00002554      0x240 ./Sources/Drivers/uart/uart.o
                0x00002554                uart0_init
 .text.uart0_putchar
                0x00002794       0x2c ./Sources/Drivers/uart/uart.o
                0x00002794                uart0_putchar
 .text.UART0_IRQHandler
                0x000027c0       0xe0 ./Sources/Drivers/uart/uart.o
                0x000027c0                UART0_IRQHandler
 .text.sysinit  0x000028a0      0x12c ./Sources/cpu/sysinit.o
                0x000028a0                sysinit
 .text.enable_irq
                0x000029cc       0x64 ./Sources/cpu/nvic.o
                0x000029cc                enable_irq
 .text.set_irq_priority
                0x00002a30       0xb0 ./Sources/cpu/nvic.o
                0x00002a30                set_irq_priority
 .text.main     0x00002ae0      0x214 ./Sources/main.o
                0x00002ae0                main
 .text.exit     0x00002cf4       0x38 C:/Freescale/CW MCU v10.6.4/MCU/ARM_GCC_Support/ewl/lib/armv6-m\libc.a(exit.o)
                0x00002cf4                exit
 .text.memset   0x00002d2c        0xc C:/Freescale/CW MCU v10.6.4/MCU/ARM_GCC_Support/ewl/lib/armv6-m\libc.a(memset.o)
                0x00002d2c                memset
 .text.__fill_mem
                0x00002d38       0x7e C:/Freescale/CW MCU v10.6.4/MCU/ARM_GCC_Support/ewl/lib/armv6-m\libc.a(__filll_mem.o)
                0x00002d38                __fill_mem
 *fill*         0x00002db6        0x2 00
 .text.__init_cpp
                0x00002db8       0x48 C:/Freescale/CW MCU v10.6.4/MCU/ARM_GCC_Support/ewl/lib/armv6-m\librt.a(gcc_ctor_dtor.o)
                0x00002db8                __init_cpp
 .text.__fini_cpp
                0x00002e00       0x34 C:/Freescale/CW MCU v10.6.4/MCU/ARM_GCC_Support/ewl/lib/armv6-m\librt.a(gcc_ctor_dtor.o)
                0x00002e00                __fini_cpp
 .text.__destroy_global_chain
                0x00002e34       0x1c C:/Freescale/CW MCU v10.6.4/MCU/ARM_GCC_Support/ewl/lib/armv6-m\librt.a(__arm_eabi_init.o)
                0x00002e34                __destroy_global_chain
 .text.__init_registers
                0x00002e50       0x1c C:/Freescale/CW MCU v10.6.4/MCU/ARM_GCC_Support/ewl/lib/armv6-m\librt.a(__arm_eabi_init.o)
                0x00002e50                __init_registers
 .text.__init_user
                0x00002e6c        0x4 C:/Freescale/CW MCU v10.6.4/MCU/ARM_GCC_Support/ewl/lib/armv6-m\librt.a(__arm_eabi_init.o)
                0x00002e6c                __init_user
 .text.__copy_rom_section
                0x00002e70       0x48 C:/Freescale/CW MCU v10.6.4/MCU/ARM_GCC_Support/ewl/lib/armv6-m\librt.a(ROMCopy.o)
                0x00002e70                __copy_rom_section
 .text.__copy_rom_sections_to_ram
                0x00002eb8       0x34 C:/Freescale/CW MCU v10.6.4/MCU/ARM_GCC_Support/ewl/lib/armv6-m\librt.a(ROMCopy.o)
                0x00002eb8                __copy_rom_sections_to_ram
 *(.rodata)
 .rodata        0x00002eec      0x1b0 ./Sources/Application/application.o
 .rodata        0x0000309c       0x44 ./Sources/main.o
 *(.rodata*)
 .rodata.Le_Entradas
                0x000030e0       0x20 ./Sources/Application/application.o
 .rodata.Controle_Aplicacao
                0x00003100       0x40 ./Sources/Application/application.o
 .rodata.gpio_direction
                0x00003140       0x14 ./Sources/Drivers/gpio/gpio.o
 .rodata.gpio_set
                0x00003154       0x14 ./Sources/Drivers/gpio/gpio.o
 .rodata.gpio_read
                0x00003168       0x14 ./Sources/Drivers/gpio/gpio.o
 .rodata.main   0x0000317c       0x18 ./Sources/main.o
 *(.glue_7)
 .glue_7        0x00000000        0x0 linker stubs
 *(.glue_7t)
 .glue_7t       0x00000000        0x0 linker stubs
 *(.eh_frame)
 *(.init)
 *(.fini)
                0x00003194                . = ALIGN (0x4)
                0x00003194                _etext = .

.vfp11_veneer   0x00003194        0x0
 .vfp11_veneer  0x00000000        0x0 linker stubs

.v4_bx          0x00003194        0x0
 .v4_bx         0x00000000        0x0 linker stubs

.iplt           0x00003194        0x0
 .iplt          0x00000000        0x0 ./Project_Settings/Startup_Code/kinetis_sysinit.o

.rel.dyn        0x00003194        0x0
 .rel.iplt      0x00000000        0x0 ./Project_Settings/Startup_Code/kinetis_sysinit.o

.ARM.extab
 *(.ARM.extab* .gnu.linkonce.armextab.*)

.ARM            0x00003194        0x0
                0x00003194                __exidx_start = .
 *(.ARM.exidx*)
                0x00003194                __exidx_end = .

.ctors          0x00003194        0x0
                0x00003194                __CTOR_LIST__ = .
 *crtbegin.o(.ctors)
 *(EXCLUDE_FILE(*crtend.o) .ctors)
 *(SORT(.ctors.*))
 *(.ctors)
                0x00003194                __CTOR_END__ = .

.dtors          0x00003194        0x0
                0x00003194                __DTOR_LIST__ = .
 *crtbegin.o(.dtors)
 *(EXCLUDE_FILE(*crtend.o) .dtors)
 *(SORT(.dtors.*))
 *(.dtors)
                0x00003194                __DTOR_END__ = .

.preinit_array  0x00003194        0x0
                0x00003194                PROVIDE (__preinit_array_start, .)
 *(.preinit_array*)
                0x00003194                PROVIDE (__preinit_array_end, .)

.init_array     0x00003194        0x0
                0x00003194                PROVIDE (__init_array_start, .)
 *(SORT(.init_array.*))
 *(.init_array*)
                0x00003194                PROVIDE (__init_array_end, .)

.fini_array     0x00003194        0x0
                0x00003194                PROVIDE (__fini_array_start, .)
 *(SORT(.fini_array.*))
 *(.fini_array*)
                0x00003194                PROVIDE (__fini_array_end, .)
                0x00003194                ___ROM_AT = .

.mtb            0x1ffff000        0x0
                0x1ffff000                . = ALIGN (0x8)
                0x1ffff000                _mtb_start = .
 *(.mtb_buf)
                0x1ffff000                . = ALIGN (0x8)
                0x1ffff000                _mtb_end = .

.data           0x1ffff000        0x0 load address 0x00003194
                0x1ffff000                . = ALIGN (0x4)
                0x1ffff000                _sdata = .
 *(.data)
 *(.data*)
                0x1ffff000                . = ALIGN (0x4)
                0x1ffff000                _edata = .
                0x00000000                ___data_size = (_edata - _sdata)

.igot.plt       0x1ffff000        0x0
 .igot.plt      0x00000000        0x0 ./Project_Settings/Startup_Code/kinetis_sysinit.o
                0x1ffff000                . = ALIGN (0x4)

.bss            0x1ffff000       0x84
                0x1ffff000                __START_BSS = .
                0x1ffff000                PROVIDE (__bss_start__, __START_BSS)
 *(.bss)
 *(.bss*)
 .bss.argv      0x1ffff000        0x4 ./Project_Settings/Startup_Code/__arm_start.o
 .bss.estado_maquina
                0x1ffff004        0x1 ./Sources/Application/application.o
 .bss.estado_aplicacao.4799
                0x1ffff005        0x1 ./Sources/Application/application.o
 .bss.maq_estado.4800
                0x1ffff006        0x1 ./Sources/Application/application.o
 *fill*         0x1ffff007        0x1 00
 .bss.tempo.4801
                0x1ffff008        0x8 ./Sources/Application/application.o
 .bss.Flag_Var  0x1ffff010        0x1 ./Sources/Drivers/flags/flags.o
 *fill*         0x1ffff011        0x3 00
 .bss.counter.4709
                0x1ffff014        0x4 ./Sources/Drivers/pit/pit.o
 .bss.Tick      0x1ffff018        0x8 ./Sources/Drivers/timer/timer.o
                0x1ffff018                Tick
 .bss.estado.4765
                0x1ffff020        0x1 ./Sources/Drivers/uart/uart.o
 .bss.i.4766    0x1ffff021        0x1 ./Sources/Drivers/uart/uart.o
 .bss.i         0x1ffff022        0x1 ./Sources/main.o
                0x1ffff022                i
 *fill*         0x1ffff023        0x1 00
 .bss.contador  0x1ffff024        0x4 ./Sources/main.o
                0x1ffff024                contador
 .bss.maq_led   0x1ffff028        0x1 ./Sources/main.o
                0x1ffff028                maq_led
 *fill*         0x1ffff029        0x7 00
 .bss.tempo_led
                0x1ffff030        0x8 ./Sources/main.o
                0x1ffff030                tempo_led
 .bss.__stdio_exit
                0x1ffff038        0x4 C:/Freescale/CW MCU v10.6.4/MCU/ARM_GCC_Support/ewl/lib/armv6-m\libc.a(exit.o)
                0x1ffff038                __stdio_exit
 .bss.__console_exit
                0x1ffff03c        0x4 C:/Freescale/CW MCU v10.6.4/MCU/ARM_GCC_Support/ewl/lib/armv6-m\libc.a(exit.o)
                0x1ffff03c                __console_exit
 .bss.__global_destructor_chain
                0x1ffff040        0x4 C:/Freescale/CW MCU v10.6.4/MCU/ARM_GCC_Support/ewl/lib/armv6-m\librt.a(__arm_eabi_init.o)
                0x1ffff040                __global_destructor_chain
 .bss.__S_romp  0x1ffff044        0xc C:/Freescale/CW MCU v10.6.4/MCU/ARM_GCC_Support/ewl/lib/armv6-m\librt.a(ROMCopy.o)
 *(COMMON)
 COMMON         0x1ffff050       0x18 ./Sources/Application/application.o
                0x1ffff050                data_rx
                0x1ffff058                data_tx
                0x1ffff060                entrada
 COMMON         0x1ffff068       0x1c ./Sources/cpu/sysinit.o
                0x1ffff068                mcg_clk_hz
                0x1ffff06c                core_clk_khz
                0x1ffff070                periph_clk_khz
                0x1ffff074                uart0_clk_khz
                0x1ffff078                uart0_clk_hz
                0x1ffff07c                mcg_clk_khz
                0x1ffff080                pll_clk_khz
                0x1ffff084                . = ALIGN (0x4)
                0x1ffff084                __END_BSS = .
                0x1ffff084                PROVIDE (__bss_end__, __END_BSS)
                0x00003194                _romp_at = (___ROM_AT + SIZEOF (.data))

.romp           0x1ffff084       0x18 load address 0x00003194
                0x00003194                __S_romp = _romp_at
                0x1ffff084        0x4 LONG 0x3194 ___ROM_AT
                0x1ffff088        0x4 LONG 0x1ffff000 _sdata
                0x1ffff08c        0x4 LONG 0x0 ___data_size
                0x1ffff090        0x4 LONG 0x0
                0x1ffff094        0x4 LONG 0x0
                0x1ffff098        0x4 LONG 0x0

._user_heap_stack
                0x1ffff09c      0x800 load address 0x000031ac
                0x1ffff09c                . = ALIGN (0x4)
                0x1ffff09c                PROVIDE (end, .)
                0x1ffff09c                PROVIDE (_end, .)
                0x1ffff09c                __heap_addr = .
                0x1ffff49c                . = (. + __heap_size)
 *fill*         0x1ffff09c      0x400 00
                0x1ffff89c                . = (. + __stack_size)
 *fill*         0x1ffff49c      0x400 00
                0x1ffff89c                . = ALIGN (0x4)

.ARM.attributes
                0x00000000       0x31
 *(.ARM.attributes)
 .ARM.attributes
                0x00000000       0x31 ./Project_Settings/Startup_Code/kinetis_sysinit.o
 .ARM.attributes
                0x00000031       0x31 ./Project_Settings/Startup_Code/__arm_start.o
 .ARM.attributes
                0x00000062       0x31 ./Project_Settings/Startup_Code/__arm_end.o
 .ARM.attributes
                0x00000093       0x31 ./Sources/Application/application.o
 .ARM.attributes
                0x000000c4       0x31 ./Sources/Common/libs.o
 .ARM.attributes
                0x000000f5       0x31 ./Sources/Common/io.o
 .ARM.attributes
                0x00000126       0x31 ./Sources/Drivers/flags/flags.o
 .ARM.attributes
                0x00000157       0x31 ./Sources/Drivers/gpio/gpio.o
 .ARM.attributes
                0x00000188       0x31 ./Sources/Drivers/mcg/mcg.o
 .ARM.attributes
                0x000001b9       0x31 ./Sources/Drivers/pit/pit.o
 .ARM.attributes
                0x000001ea       0x31 ./Sources/Drivers/timer/timer.o
 .ARM.attributes
                0x0000021b       0x31 ./Sources/Drivers/uart/uart.o
 .ARM.attributes
                0x0000024c       0x31 ./Sources/cpu/sysinit.o
 .ARM.attributes
                0x0000027d       0x31 ./Sources/cpu/nvic.o
 .ARM.attributes
                0x000002ae       0x31 ./Sources/main.o
 .ARM.attributes
                0x000002df       0x31 C:/Freescale/CW MCU v10.6.4/MCU/ARM_GCC_Support/ewl/lib/armv6-m\libc.a(exit.o)
 .ARM.attributes
                0x00000310       0x31 C:/Freescale/CW MCU v10.6.4/MCU/ARM_GCC_Support/ewl/lib/armv6-m\libc.a(memset.o)
 .ARM.attributes
                0x00000341       0x31 C:/Freescale/CW MCU v10.6.4/MCU/ARM_GCC_Support/ewl/lib/armv6-m\libc.a(__filll_mem.o)
 .ARM.attributes
                0x00000372       0x1e c:/freescale/cw mcu v10.6.4/cross_tools/arm-none-eabi-gcc-4_7_3/bin/../lib/gcc/arm-none-eabi/4.7.3/armv6-m\libgcc.a(_udivsi3.o)
 .ARM.attributes
                0x00000390       0x1e c:/freescale/cw mcu v10.6.4/cross_tools/arm-none-eabi-gcc-4_7_3/bin/../lib/gcc/arm-none-eabi/4.7.3/armv6-m\libgcc.a(_divsi3.o)
 .ARM.attributes
                0x000003ae       0x1e c:/freescale/cw mcu v10.6.4/cross_tools/arm-none-eabi-gcc-4_7_3/bin/../lib/gcc/arm-none-eabi/4.7.3/armv6-m\libgcc.a(_dvmd_tls.o)
 .ARM.attributes
                0x000003cc       0x31 C:/Freescale/CW MCU v10.6.4/MCU/ARM_GCC_Support/ewl/lib/armv6-m\librt.a(gcc_ctor_dtor.o)
 .ARM.attributes
                0x000003fd       0x31 C:/Freescale/CW MCU v10.6.4/MCU/ARM_GCC_Support/ewl/lib/armv6-m\librt.a(__arm_eabi_init.o)
 .ARM.attributes
                0x0000042e       0x31 C:/Freescale/CW MCU v10.6.4/MCU/ARM_GCC_Support/ewl/lib/armv6-m\librt.a(ROMCopy.o)
OUTPUT(FRDM-KL25Z-UART.elf elf32-littlearm)

.debug_info     0x00000000     0x36a3
 .debug_info    0x00000000      0x447 ./Project_Settings/Startup_Code/kinetis_sysinit.o
 .debug_info    0x00000447      0x12a ./Project_Settings/Startup_Code/__arm_start.o
 .debug_info    0x00000571       0x54 ./Project_Settings/Startup_Code/__arm_end.o
 .debug_info    0x000005c5      0x2fc ./Sources/Application/application.o
 .debug_info    0x000008c1       0xee ./Sources/Common/libs.o
 .debug_info    0x000009af      0x274 ./Sources/Common/io.o
 .debug_info    0x00000c23      0x13a ./Sources/Drivers/flags/flags.o
 .debug_info    0x00000d5d      0x4e2 ./Sources/Drivers/gpio/gpio.o
 .debug_info    0x0000123f      0x289 ./Sources/Drivers/mcg/mcg.o
 .debug_info    0x000014c8      0x656 ./Sources/Drivers/pit/pit.o
 .debug_info    0x00001b1e      0x12e ./Sources/Drivers/timer/timer.o
 .debug_info    0x00001c4c      0x6e8 ./Sources/Drivers/uart/uart.o
 .debug_info    0x00002334      0x573 ./Sources/cpu/sysinit.o
 .debug_info    0x000028a7      0x226 ./Sources/cpu/nvic.o
 .debug_info    0x00002acd      0x341 ./Sources/main.o
 .debug_info    0x00002e0e       0xe8 C:/Freescale/CW MCU v10.6.4/MCU/ARM_GCC_Support/ewl/lib/armv6-m\libc.a(exit.o)
 .debug_info    0x00002ef6       0xec C:/Freescale/CW MCU v10.6.4/MCU/ARM_GCC_Support/ewl/lib/armv6-m\libc.a(memset.o)
 .debug_info    0x00002fe2      0x137 C:/Freescale/CW MCU v10.6.4/MCU/ARM_GCC_Support/ewl/lib/armv6-m\libc.a(__filll_mem.o)
 .debug_info    0x00003119      0x136 C:/Freescale/CW MCU v10.6.4/MCU/ARM_GCC_Support/ewl/lib/armv6-m\librt.a(gcc_ctor_dtor.o)
 .debug_info    0x0000324f      0x2b9 C:/Freescale/CW MCU v10.6.4/MCU/ARM_GCC_Support/ewl/lib/armv6-m\librt.a(__arm_eabi_init.o)
 .debug_info    0x00003508      0x19b C:/Freescale/CW MCU v10.6.4/MCU/ARM_GCC_Support/ewl/lib/armv6-m\librt.a(ROMCopy.o)

.debug_abbrev   0x00000000     0x11d0
 .debug_abbrev  0x00000000       0xe7 ./Project_Settings/Startup_Code/kinetis_sysinit.o
 .debug_abbrev  0x000000e7       0x92 ./Project_Settings/Startup_Code/__arm_start.o
 .debug_abbrev  0x00000179       0x4c ./Project_Settings/Startup_Code/__arm_end.o
 .debug_abbrev  0x000001c5      0x157 ./Sources/Application/application.o
 .debug_abbrev  0x0000031c       0x87 ./Sources/Common/libs.o
 .debug_abbrev  0x000003a3       0xd0 ./Sources/Common/io.o
 .debug_abbrev  0x00000473       0xa6 ./Sources/Drivers/flags/flags.o
 .debug_abbrev  0x00000519      0x10a ./Sources/Drivers/gpio/gpio.o
 .debug_abbrev  0x00000623       0xe8 ./Sources/Drivers/mcg/mcg.o
 .debug_abbrev  0x0000070b      0x127 ./Sources/Drivers/pit/pit.o
 .debug_abbrev  0x00000832       0x80 ./Sources/Drivers/timer/timer.o
 .debug_abbrev  0x000008b2      0x192 ./Sources/Drivers/uart/uart.o
 .debug_abbrev  0x00000a44       0xcf ./Sources/cpu/sysinit.o
 .debug_abbrev  0x00000b13       0xed ./Sources/cpu/nvic.o
 .debug_abbrev  0x00000c00      0x110 ./Sources/main.o
 .debug_abbrev  0x00000d10       0x7a C:/Freescale/CW MCU v10.6.4/MCU/ARM_GCC_Support/ewl/lib/armv6-m\libc.a(exit.o)
 .debug_abbrev  0x00000d8a       0x62 C:/Freescale/CW MCU v10.6.4/MCU/ARM_GCC_Support/ewl/lib/armv6-m\libc.a(memset.o)
 .debug_abbrev  0x00000dec       0x78 C:/Freescale/CW MCU v10.6.4/MCU/ARM_GCC_Support/ewl/lib/armv6-m\libc.a(__filll_mem.o)
 .debug_abbrev  0x00000e64       0x99 C:/Freescale/CW MCU v10.6.4/MCU/ARM_GCC_Support/ewl/lib/armv6-m\librt.a(gcc_ctor_dtor.o)
 .debug_abbrev  0x00000efd      0x1b3 C:/Freescale/CW MCU v10.6.4/MCU/ARM_GCC_Support/ewl/lib/armv6-m\librt.a(__arm_eabi_init.o)
 .debug_abbrev  0x000010b0      0x120 C:/Freescale/CW MCU v10.6.4/MCU/ARM_GCC_Support/ewl/lib/armv6-m\librt.a(ROMCopy.o)

.debug_loc      0x00000000      0xe68
 .debug_loc     0x00000000       0x58 ./Project_Settings/Startup_Code/kinetis_sysinit.o
 .debug_loc     0x00000058       0x2c ./Project_Settings/Startup_Code/__arm_start.o
 .debug_loc     0x00000084       0x38 ./Project_Settings/Startup_Code/__arm_end.o
 .debug_loc     0x000000bc      0x27e ./Sources/Application/application.o
 .debug_loc     0x0000033a       0x38 ./Sources/Common/libs.o
 .debug_loc     0x00000372       0x64 ./Sources/Common/io.o
 .debug_loc     0x000003d6       0x70 ./Sources/Drivers/flags/flags.o
 .debug_loc     0x00000446      0x10c ./Sources/Drivers/gpio/gpio.o
 .debug_loc     0x00000552       0x38 ./Sources/Drivers/mcg/mcg.o
 .debug_loc     0x0000058a       0x58 ./Sources/Drivers/pit/pit.o
 .debug_loc     0x000005e2       0x70 ./Sources/Drivers/timer/timer.o
 .debug_loc     0x00000652      0x1fa ./Sources/Drivers/uart/uart.o
 .debug_loc     0x0000084c       0x38 ./Sources/cpu/sysinit.o
 .debug_loc     0x00000884       0xa8 ./Sources/cpu/nvic.o
 .debug_loc     0x0000092c       0x38 ./Sources/main.o
 .debug_loc     0x00000964       0x3e C:/Freescale/CW MCU v10.6.4/MCU/ARM_GCC_Support/ewl/lib/armv6-m\libc.a(exit.o)
 .debug_loc     0x000009a2       0x6f C:/Freescale/CW MCU v10.6.4/MCU/ARM_GCC_Support/ewl/lib/armv6-m\libc.a(memset.o)
 .debug_loc     0x00000a11      0x14a C:/Freescale/CW MCU v10.6.4/MCU/ARM_GCC_Support/ewl/lib/armv6-m\libc.a(__filll_mem.o)
 .debug_loc     0x00000b5b       0x9d C:/Freescale/CW MCU v10.6.4/MCU/ARM_GCC_Support/ewl/lib/armv6-m\librt.a(gcc_ctor_dtor.o)
 .debug_loc     0x00000bf8      0x197 C:/Freescale/CW MCU v10.6.4/MCU/ARM_GCC_Support/ewl/lib/armv6-m\librt.a(__arm_eabi_init.o)
 .debug_loc     0x00000d8f       0xd9 C:/Freescale/CW MCU v10.6.4/MCU/ARM_GCC_Support/ewl/lib/armv6-m\librt.a(ROMCopy.o)

.debug_aranges  0x00000000      0x3f0
 .debug_aranges
                0x00000000       0x28 ./Project_Settings/Startup_Code/kinetis_sysinit.o
 .debug_aranges
                0x00000028       0x30 ./Project_Settings/Startup_Code/__arm_start.o
 .debug_aranges
                0x00000058       0x20 ./Project_Settings/Startup_Code/__arm_end.o
 .debug_aranges
                0x00000078       0x78 ./Sources/Application/application.o
 .debug_aranges
                0x000000f0       0x20 ./Sources/Common/libs.o
 .debug_aranges
                0x00000110       0x28 ./Sources/Common/io.o
 .debug_aranges
                0x00000138       0x28 ./Sources/Drivers/flags/flags.o
 .debug_aranges
                0x00000160       0x40 ./Sources/Drivers/gpio/gpio.o
 .debug_aranges
                0x000001a0       0x20 ./Sources/Drivers/mcg/mcg.o
 .debug_aranges
                0x000001c0       0x28 ./Sources/Drivers/pit/pit.o
 .debug_aranges
                0x000001e8       0x28 ./Sources/Drivers/timer/timer.o
 .debug_aranges
                0x00000210       0x60 ./Sources/Drivers/uart/uart.o
 .debug_aranges
                0x00000270       0x20 ./Sources/cpu/sysinit.o
 .debug_aranges
                0x00000290       0x30 ./Sources/cpu/nvic.o
 .debug_aranges
                0x000002c0       0x20 ./Sources/main.o
 .debug_aranges
                0x000002e0       0x20 C:/Freescale/CW MCU v10.6.4/MCU/ARM_GCC_Support/ewl/lib/armv6-m\libc.a(exit.o)
 .debug_aranges
                0x00000300       0x20 C:/Freescale/CW MCU v10.6.4/MCU/ARM_GCC_Support/ewl/lib/armv6-m\libc.a(memset.o)
 .debug_aranges
                0x00000320       0x20 C:/Freescale/CW MCU v10.6.4/MCU/ARM_GCC_Support/ewl/lib/armv6-m\libc.a(__filll_mem.o)
 .debug_aranges
                0x00000340       0x28 C:/Freescale/CW MCU v10.6.4/MCU/ARM_GCC_Support/ewl/lib/armv6-m\librt.a(gcc_ctor_dtor.o)
 .debug_aranges
                0x00000368       0x58 C:/Freescale/CW MCU v10.6.4/MCU/ARM_GCC_Support/ewl/lib/armv6-m\librt.a(__arm_eabi_init.o)
 .debug_aranges
                0x000003c0       0x30 C:/Freescale/CW MCU v10.6.4/MCU/ARM_GCC_Support/ewl/lib/armv6-m\librt.a(ROMCopy.o)

.debug_macinfo  0x00000000   0x1fdc10
 .debug_macinfo
                0x00000000    0x264c7 ./Project_Settings/Startup_Code/kinetis_sysinit.o
 .debug_macinfo
                0x000264c7     0x3e6d ./Project_Settings/Startup_Code/__arm_start.o
 .debug_macinfo
                0x0002a334     0x3456 ./Project_Settings/Startup_Code/__arm_end.o
 .debug_macinfo
                0x0002d78a    0x26cbb ./Sources/Application/application.o
 .debug_macinfo
                0x00054445    0x26cb7 ./Sources/Common/libs.o
 .debug_macinfo
                0x0007b0fc    0x26cb7 ./Sources/Common/io.o
 .debug_macinfo
                0x000a1db3    0x26cbb ./Sources/Drivers/flags/flags.o
 .debug_macinfo
                0x000c8a6e    0x2673c ./Sources/Drivers/gpio/gpio.o
 .debug_macinfo
                0x000ef1aa    0x265c3 ./Sources/Drivers/mcg/mcg.o
 .debug_macinfo
                0x0011576d    0x26cbb ./Sources/Drivers/pit/pit.o
 .debug_macinfo
                0x0013c428    0x26ccf ./Sources/Drivers/timer/timer.o
 .debug_macinfo
                0x001630f7    0x26cbb ./Sources/Drivers/uart/uart.o
 .debug_macinfo
                0x00189db2    0x26cb7 ./Sources/cpu/sysinit.o
 .debug_macinfo
                0x001b0a69    0x264f0 ./Sources/cpu/nvic.o
 .debug_macinfo
                0x001d6f59    0x26cb7 ./Sources/main.o

.debug_line     0x00000000     0x46a0
 .debug_line    0x00000000      0x25d ./Project_Settings/Startup_Code/kinetis_sysinit.o
 .debug_line    0x0000025d      0x29d ./Project_Settings/Startup_Code/__arm_start.o
 .debug_line    0x000004fa      0x26e ./Project_Settings/Startup_Code/__arm_end.o
 .debug_line    0x00000768      0x77e ./Sources/Application/application.o
 .debug_line    0x00000ee6      0x54d ./Sources/Common/libs.o
 .debug_line    0x00001433      0x55a ./Sources/Common/io.o
 .debug_line    0x0000198d      0x5d3 ./Sources/Drivers/flags/flags.o
 .debug_line    0x00001f60      0x2da ./Sources/Drivers/gpio/gpio.o
 .debug_line    0x0000223a      0x284 ./Sources/Drivers/mcg/mcg.o
 .debug_line    0x000024be      0x574 ./Sources/Drivers/pit/pit.o
 .debug_line    0x00002a32      0x571 ./Sources/Drivers/timer/timer.o
 .debug_line    0x00002fa3      0x65e ./Sources/Drivers/uart/uart.o
 .debug_line    0x00003601      0x55f ./Sources/cpu/sysinit.o
 .debug_line    0x00003b60      0x215 ./Sources/cpu/nvic.o
 .debug_line    0x00003d75      0x4d8 ./Sources/main.o
 .debug_line    0x0000424d       0x8d C:/Freescale/CW MCU v10.6.4/MCU/ARM_GCC_Support/ewl/lib/armv6-m\libc.a(exit.o)
 .debug_line    0x000042da       0x90 C:/Freescale/CW MCU v10.6.4/MCU/ARM_GCC_Support/ewl/lib/armv6-m\libc.a(memset.o)
 .debug_line    0x0000436a       0xf6 C:/Freescale/CW MCU v10.6.4/MCU/ARM_GCC_Support/ewl/lib/armv6-m\libc.a(__filll_mem.o)
 .debug_line    0x00004460       0x6c C:/Freescale/CW MCU v10.6.4/MCU/ARM_GCC_Support/ewl/lib/armv6-m\librt.a(gcc_ctor_dtor.o)
 .debug_line    0x000044cc      0x117 C:/Freescale/CW MCU v10.6.4/MCU/ARM_GCC_Support/ewl/lib/armv6-m\librt.a(__arm_eabi_init.o)
 .debug_line    0x000045e3       0xbd C:/Freescale/CW MCU v10.6.4/MCU/ARM_GCC_Support/ewl/lib/armv6-m\librt.a(ROMCopy.o)

.debug_str      0x00000000      0xfe7
 .debug_str     0x00000000      0x297 ./Project_Settings/Startup_Code/kinetis_sysinit.o
                                0x2be (size before relaxing)
 .debug_str     0x00000297       0x85 ./Project_Settings/Startup_Code/__arm_start.o
                                0x198 (size before relaxing)
 .debug_str     0x0000031c       0x41 ./Project_Settings/Startup_Code/__arm_end.o
                                 0xcf (size before relaxing)
 .debug_str     0x0000035d      0x18b ./Sources/Application/application.o
                                0x274 (size before relaxing)
 .debug_str     0x000004e8       0x21 ./Sources/Common/libs.o
                                0x160 (size before relaxing)
 .debug_str     0x00000509       0x60 ./Sources/Common/io.o
                                0x19f (size before relaxing)
 .debug_str     0x00000569       0x52 ./Sources/Drivers/flags/flags.o
                                0x191 (size before relaxing)
 .debug_str     0x000005bb       0xde ./Sources/Drivers/gpio/gpio.o
                                0x2f8 (size before relaxing)
 .debug_str     0x00000699       0xcc ./Sources/Drivers/mcg/mcg.o
                                0x1f0 (size before relaxing)
 .debug_str     0x00000765      0x2f4 ./Sources/Drivers/pit/pit.o
                                0x52b (size before relaxing)
 .debug_str     0x00000a59       0x28 ./Sources/Drivers/timer/timer.o
                                0x188 (size before relaxing)
 .debug_str     0x00000a81      0x102 ./Sources/Drivers/uart/uart.o
                                0x382 (size before relaxing)
 .debug_str     0x00000b83       0x7b ./Sources/cpu/sysinit.o
                                0x308 (size before relaxing)
 .debug_str     0x00000bfe       0x4c ./Sources/cpu/nvic.o
                                0x1b9 (size before relaxing)
 .debug_str     0x00000c4a       0x29 ./Sources/main.o
                                0x426 (size before relaxing)
 .debug_str     0x00000c73       0x60 C:/Freescale/CW MCU v10.6.4/MCU/ARM_GCC_Support/ewl/lib/armv6-m\libc.a(exit.o)
                                0x157 (size before relaxing)
 .debug_str     0x00000cd3       0x23 C:/Freescale/CW MCU v10.6.4/MCU/ARM_GCC_Support/ewl/lib/armv6-m\libc.a(memset.o)
                                0x140 (size before relaxing)
 .debug_str     0x00000cf6       0x2d C:/Freescale/CW MCU v10.6.4/MCU/ARM_GCC_Support/ewl/lib/armv6-m\libc.a(__filll_mem.o)
                                0x152 (size before relaxing)
 .debug_str     0x00000d23      0x126 C:/Freescale/CW MCU v10.6.4/MCU/ARM_GCC_Support/ewl/lib/armv6-m\librt.a(gcc_ctor_dtor.o)
                                0x181 (size before relaxing)
 .debug_str     0x00000e49       0xf8 C:/Freescale/CW MCU v10.6.4/MCU/ARM_GCC_Support/ewl/lib/armv6-m\librt.a(__arm_eabi_init.o)
                                0x1b5 (size before relaxing)
 .debug_str     0x00000f41       0xa6 C:/Freescale/CW MCU v10.6.4/MCU/ARM_GCC_Support/ewl/lib/armv6-m\librt.a(ROMCopy.o)
                                0x13c (size before relaxing)

.comment        0x00000000       0x79
 .comment       0x00000000       0x79 ./Project_Settings/Startup_Code/kinetis_sysinit.o
                                 0x7a (size before relaxing)
 .comment       0x00000000       0x7a ./Project_Settings/Startup_Code/__arm_start.o
 .comment       0x00000000       0x7a ./Project_Settings/Startup_Code/__arm_end.o
 .comment       0x00000000       0x7a ./Sources/Application/application.o
 .comment       0x00000000       0x7a ./Sources/Common/libs.o
 .comment       0x00000000       0x7a ./Sources/Common/io.o
 .comment       0x00000000       0x7a ./Sources/Drivers/flags/flags.o
 .comment       0x00000000       0x7a ./Sources/Drivers/gpio/gpio.o
 .comment       0x00000000       0x7a ./Sources/Drivers/mcg/mcg.o
 .comment       0x00000000       0x7a ./Sources/Drivers/pit/pit.o
 .comment       0x00000000       0x7a ./Sources/Drivers/timer/timer.o
 .comment       0x00000000       0x7a ./Sources/Drivers/uart/uart.o
 .comment       0x00000000       0x7a ./Sources/cpu/sysinit.o
 .comment       0x00000000       0x7a ./Sources/cpu/nvic.o
 .comment       0x00000000       0x7a ./Sources/main.o
 .comment       0x00000000       0x7a C:/Freescale/CW MCU v10.6.4/MCU/ARM_GCC_Support/ewl/lib/armv6-m\libc.a(exit.o)
 .comment       0x00000000       0x7a C:/Freescale/CW MCU v10.6.4/MCU/ARM_GCC_Support/ewl/lib/armv6-m\libc.a(memset.o)
 .comment       0x00000000       0x7a C:/Freescale/CW MCU v10.6.4/MCU/ARM_GCC_Support/ewl/lib/armv6-m\libc.a(__filll_mem.o)
 .comment       0x00000000       0x7a C:/Freescale/CW MCU v10.6.4/MCU/ARM_GCC_Support/ewl/lib/armv6-m\librt.a(gcc_ctor_dtor.o)
 .comment       0x00000000       0x7a C:/Freescale/CW MCU v10.6.4/MCU/ARM_GCC_Support/ewl/lib/armv6-m\librt.a(__arm_eabi_init.o)
 .comment       0x00000000       0x7a C:/Freescale/CW MCU v10.6.4/MCU/ARM_GCC_Support/ewl/lib/armv6-m\librt.a(ROMCopy.o)

.debug_frame    0x00000000      0x8a0
 .debug_frame   0x00000000       0x48 ./Project_Settings/Startup_Code/kinetis_sysinit.o
 .debug_frame   0x00000048       0x4c ./Project_Settings/Startup_Code/__arm_start.o
 .debug_frame   0x00000094       0x30 ./Project_Settings/Startup_Code/__arm_end.o
 .debug_frame   0x000000c4      0x188 ./Sources/Application/application.o
 .debug_frame   0x0000024c       0x30 ./Sources/Common/libs.o
 .debug_frame   0x0000027c       0x4c ./Sources/Common/io.o
 .debug_frame   0x000002c8       0x50 ./Sources/Drivers/flags/flags.o
 .debug_frame   0x00000318       0xac ./Sources/Drivers/gpio/gpio.o
 .debug_frame   0x000003c4       0x30 ./Sources/Drivers/mcg/mcg.o
 .debug_frame   0x000003f4       0x48 ./Sources/Drivers/pit/pit.o
 .debug_frame   0x0000043c       0x50 ./Sources/Drivers/timer/timer.o
 .debug_frame   0x0000048c      0x130 ./Sources/Drivers/uart/uart.o
 .debug_frame   0x000005bc       0x30 ./Sources/cpu/sysinit.o
 .debug_frame   0x000005ec       0x70 ./Sources/cpu/nvic.o
 .debug_frame   0x0000065c       0x34 ./Sources/main.o
 .debug_frame   0x00000690       0x2c C:/Freescale/CW MCU v10.6.4/MCU/ARM_GCC_Support/ewl/lib/armv6-m\libc.a(exit.o)
 .debug_frame   0x000006bc       0x28 C:/Freescale/CW MCU v10.6.4/MCU/ARM_GCC_Support/ewl/lib/armv6-m\libc.a(memset.o)
 .debug_frame   0x000006e4       0x2c C:/Freescale/CW MCU v10.6.4/MCU/ARM_GCC_Support/ewl/lib/armv6-m\libc.a(__filll_mem.o)
 .debug_frame   0x00000710       0x20 c:/freescale/cw mcu v10.6.4/cross_tools/arm-none-eabi-gcc-4_7_3/bin/../lib/gcc/arm-none-eabi/4.7.3/armv6-m\libgcc.a(_udivsi3.o)
 .debug_frame   0x00000730       0x20 c:/freescale/cw mcu v10.6.4/cross_tools/arm-none-eabi-gcc-4_7_3/bin/../lib/gcc/arm-none-eabi/4.7.3/armv6-m\libgcc.a(_divsi3.o)
 .debug_frame   0x00000750       0x40 C:/Freescale/CW MCU v10.6.4/MCU/ARM_GCC_Support/ewl/lib/armv6-m\librt.a(gcc_ctor_dtor.o)
 .debug_frame   0x00000790       0xbc C:/Freescale/CW MCU v10.6.4/MCU/ARM_GCC_Support/ewl/lib/armv6-m\librt.a(__arm_eabi_init.o)
 .debug_frame   0x0000084c       0x54 C:/Freescale/CW MCU v10.6.4/MCU/ARM_GCC_Support/ewl/lib/armv6-m\librt.a(ROMCopy.o)
